EN schematlab1 NULL C:/Users/lab/Documents/ISEProjects/Projek1/Schematlab1.vhf sub00/vhpl00 1760085692
AR schematlab1_muser_zadanie2 behavioral C:/Users/lab/Documents/ISEProjects/Projek1/Zadanie2.vhf sub00/vhpl03 1760085689
EN schematlab1_muser_zadanie2 NULL C:/Users/lab/Documents/ISEProjects/Projek1/Zadanie2.vhf sub00/vhpl02 1760085688
AR schematlab1 behavioral C:/Users/lab/Documents/ISEProjects/Projek1/Schematlab1.vhf sub00/vhpl01 1760085693
EN zadanie2 NULL C:/Users/lab/Documents/ISEProjects/Projek1/Zadanie2.vhf sub00/vhpl04 1760085690
AR zadanie2 behavioral C:/Users/lab/Documents/ISEProjects/Projek1/Zadanie2.vhf sub00/vhpl05 1760085691
